// Jest Snapshot v1, https://goo.gl/fbAQLP

exports[`Esta es una prueba de la prueda primera prueba 1`] = `undefined`;
